// Jest Snapshot v1, https://goo.gl/fbAQLP

exports[`Post metadata should render 1`] = `
<div
  className="metadata"
>
  posted on
   
  <time
    dateTime={"2019-02-01T00:00:00.000Z"}
  >
    Friday, 1 February 2019
  </time>
   
  <span>
    by Clarice Bouwer
  </span>
   
  <span>
    (Est. 42 minute read)
  </span>
</div>
`;

exports[`Post metadata should render without an author 1`] = `
<div
  className="metadata"
>
  posted on
   
  <time
    dateTime={"2019-02-01T00:00:00.000Z"}
  >
    Friday, 1 February 2019
  </time>
   
  <span>
    by Clarice Bouwer
  </span>
   
  <span>
    (Est. 42 minute read)
  </span>
</div>
`;
